// Jest Snapshot v1, https://goo.gl/fbAQLP

exports[`<DriverFinalPage /> SHOULD match with snapshot 1`] = `
<div>
  <div
    class="sc-bdVaJa bPGLpq"
  >
    <div
      class="makeStyles-root-1"
    >
      <div
        class="MuiToolbar-root MuiToolbar-regular MuiToolbar-gutters"
      >
        <h4
          class="MuiTypography-root makeStyles-title-3 MuiTypography-h4"
        >
          Ya-Ta!
        </h4>
        <div>
          <button
            aria-controls="menu-appbar"
            aria-haspopup="true"
            aria-label="account of current user"
            class="MuiButtonBase-root MuiIconButton-root MuiIconButton-colorInherit"
            tabindex="0"
            type="button"
          >
            <span
              class="MuiIconButton-label"
            >
              <svg
                aria-hidden="true"
                class="MuiSvgIcon-root"
                focusable="false"
                role="presentation"
                viewBox="0 0 24 24"
              >
                <path
                  d="M12 2C6.48 2 2 6.48 2 12s4.48 10 10 10 10-4.48 10-10S17.52 2 12 2zm0 3c1.66 0 3 1.34 3 3s-1.34 3-3 3-3-1.34-3-3 1.34-3 3-3zm0 14.2c-2.5 0-4.71-1.28-6-3.22.03-1.99 4-3.08 6-3.08 1.99 0 5.97 1.09 6 3.08-1.29 1.94-3.5 3.22-6 3.22z"
                />
              </svg>
            </span>
            <span
              class="MuiTouchRipple-root"
            />
          </button>
        </div>
      </div>
    </div>
    <div
      class="sc-bwzfXH uTxCW"
    >
      <h2
        class="MuiTypography-root MuiTypography-h2"
      >
        Total Earning: 
        5000
      </h2>
      <h2
        class="MuiTypography-root MuiTypography-h2"
      >
        Current Point: 
        50000
      </h2>
      <button
        class="MuiButtonBase-root MuiButton-root makeStyles-root-62 makeStyles-root-65 MuiButton-contained makeStyles-contained-63 makeStyles-contained-66 MuiButton-contained makeStyles-contained-63 makeStyles-contained-66"
        tabindex="0"
        type="button"
      >
        <span
          class="MuiButton-label"
        >
          Go To Main
        </span>
        <span
          class="MuiTouchRipple-root"
        />
      </button>
    </div>
  </div>
</div>
`;
