// Jest Snapshot v1, https://goo.gl/fbAQLP

exports[`<TextInput /> SHOULD match with snapshot 1`] = `
<div>
  <div
    class="MuiFormControl-root MuiTextField-root"
  >
    <label
      class="MuiFormLabel-root MuiInputLabel-root MuiInputLabel-formControl MuiInputLabel-animated"
      data-shrink="false"
    >
      TextInput Label
    </label>
    <div
      class="MuiInputBase-root MuiInput-root MuiInput-underline MuiInputBase-formControl MuiInput-formControl"
    >
      <input
        aria-invalid="false"
        class="MuiInputBase-input MuiInput-input"
        type="text"
        value=""
      />
    </div>
  </div>
</div>
`;
