// Jest Snapshot v1, https://goo.gl/fbAQLP

exports[`<LoginContainer /> SHOULD match with snapshot 1`] = `
<div>
  <div
    class="sc-bdVaJa bDWFJH"
  >
    <div
      class="MuiBox-root MuiBox-root-2"
    >
      <h3
        class="MuiTypography-root MuiTypography-h3"
      >
        Login to Ya-Ta!
      </h3>
      <div
        class="MuiBox-root MuiBox-root-33"
      >
        <input
          id="email-input"
          name="email"
          placeholder="email"
          type="text"
          value="email"
        />
      </div>
      <div
        class="MuiBox-root MuiBox-root-34"
      >
        <input
          id="password-input"
          name="password"
          placeholder="password"
          type="password"
          value="password"
        />
      </div>
      <div
        class="MuiBox-root MuiBox-root-35"
      >
        <button
          class="MuiButtonBase-root MuiButton-root makeStyles-root-36 makeStyles-root-39 MuiButton-contained makeStyles-contained-37 makeStyles-contained-40 MuiButton-contained makeStyles-contained-37 makeStyles-contained-40"
          tabindex="0"
          type="button"
        >
          <span
            class="MuiButton-label"
          >
            Login
          </span>
          <span
            class="MuiTouchRipple-root"
          />
        </button>
        <button
          class="MuiButtonBase-root MuiButton-root makeStyles-root-36 makeStyles-root-73 MuiButton-contained makeStyles-contained-37 makeStyles-contained-74 MuiButton-contained makeStyles-contained-37 makeStyles-contained-74"
          tabindex="0"
          type="button"
        >
          <span
            class="MuiButton-label"
          >
            Register
          </span>
          <span
            class="MuiTouchRipple-root"
          />
        </button>
      </div>
    </div>
  </div>
</div>
`;
