// Jest Snapshot v1, https://goo.gl/fbAQLP

exports[`<DriverDetail /> SHOULD match with snapshot 1`] = `
<div>
  <div
    class="makeStyles-root-1"
  >
    <div
      class="makeStyles-whiteBox-3"
    >
      <div
        class="makeStyles-container-2"
      >
        <h2
          class="MuiTypography-root MuiTypography-h2"
        >
          Confirm Taxi Fare
        </h2>
      </div>
      <div
        class="makeStyles-container-2"
      >
        <input
          id="total-cost-input"
          name="TotalCost"
          placeholder="Total Cost"
          type="text"
          value="0"
        />
        <div
          class="makeStyles-button-4"
          fullwidth="false"
          variant="contained"
        >
          Confirm
        </div>
      </div>
    </div>
  </div>
</div>
`;
