// Jest Snapshot v1, https://goo.gl/fbAQLP

exports[`RequestCall /> SHOULD match with snapshot WHEN all data in 1`] = `
<div>
  <div
    class="makeStyles-root-1"
  >
    <div
      class="makeStyles-whiteBox-6"
    >
      <div
        class="makeStyles-row-3"
      >
        <div
          class="makeStyles-title-2"
        >
          <h3
            class="MuiTypography-root MuiTypography-h3"
          >
            Request Call
          </h3>
        </div>
        <div
          class="makeStyles-checkbox-5"
        >
          <div>
            <label
              class="MuiFormControlLabel-root"
              data-testid="STT Mode"
            >
              <span
                aria-disabled="false"
                class="MuiButtonBase-root MuiIconButton-root PrivateSwitchBase-root-51 MuiCheckbox-root MuiCheckbox-colorPrimary MuiIconButton-colorPrimary"
              >
                <span
                  class="MuiIconButton-label"
                >
                  <input
                    class="PrivateSwitchBase-input-54"
                    data-indeterminate="false"
                    name="STT"
                    type="checkbox"
                    value="STT Mode"
                  />
                  <svg
                    aria-hidden="true"
                    class="MuiSvgIcon-root"
                    focusable="false"
                    role="presentation"
                    viewBox="0 0 24 24"
                  >
                    <path
                      d="M19 5v14H5V5h14m0-2H5c-1.1 0-2 .9-2 2v14c0 1.1.9 2 2 2h14c1.1 0 2-.9 2-2V5c0-1.1-.9-2-2-2z"
                    />
                  </svg>
                </span>
                <span
                  class="MuiTouchRipple-root"
                />
              </span>
              <span
                class="MuiTypography-root MuiFormControlLabel-label MuiTypography-body1"
              >
                STT Mode
              </span>
            </label>
          </div>
        </div>
      </div>
      <div
        class="makeStyles-groupinfo-4"
      >
        <p
          class="MuiTypography-root MuiTypography-body1"
        >
          From: 
          from
        </p>
        <p
          class="MuiTypography-root MuiTypography-body1"
        >
          To: 
          to
        </p>
        <div
          class="makeStyles-content-8"
        >
          <button
            class="MuiButtonBase-root MuiButton-root makeStyles-root-76 makeStyles-root-79 MuiButton-contained makeStyles-contained-77 makeStyles-contained-80 MuiButton-contained makeStyles-contained-77 makeStyles-contained-80"
            tabindex="0"
            type="button"
          >
            <span
              class="MuiButton-label"
            >
              Accept the Request!
            </span>
            <span
              class="MuiTouchRipple-root"
            />
          </button>
        </div>
      </div>
    </div>
  </div>
</div>
`;
