// Jest Snapshot v1, https://goo.gl/fbAQLP

exports[`<Button /> SHOULD match with snapshot 1`] = `
<div>
  <button
    class="MuiButtonBase-root MuiButton-root MuiButton-text MuiButton-text"
    tabindex="0"
    type="button"
  >
    <span
      class="MuiButton-label"
    >
      <div>
        Button Text
      </div>
    </span>
    <span
      class="MuiTouchRipple-root"
    />
  </button>
</div>
`;
