// Jest Snapshot v1, https://goo.gl/fbAQLP

exports[`<RequestCallPage /> SHOULD match with snapshot 1`] = `
<div>
  <div
    class="sc-bwzfXH kulSxP"
  >
    <div
      class="makeStyles-root-1"
    >
      <header
        class="MuiPaper-root MuiPaper-elevation4 MuiAppBar-root MuiAppBar-positionStatic MuiAppBar-colorPrimary"
      >
        <div
          class="MuiToolbar-root MuiToolbar-regular MuiToolbar-gutters"
        >
          <h6
            class="MuiTypography-root makeStyles-title-3 MuiTypography-h6"
          >
            Ya-Ta!
          </h6>
        </div>
      </header>
    </div>
    <main
      class="sc-bdVaJa ekJyAd"
    >
      <div>
        Waiting for group to be matched...
      </div>
    </main>
  </div>
</div>
`;
