// Jest Snapshot v1, https://goo.gl/fbAQLP

exports[`<RequestCallPage /> SHOULD match with snapshot 1`] = `
<div>
  <div
    class="sc-bdVaJa bPGLpq"
  >
    <div
      class="makeStyles-root-1"
    >
      <div
        class="MuiToolbar-root MuiToolbar-regular MuiToolbar-gutters"
      >
        <h4
          class="MuiTypography-root makeStyles-title-3 MuiTypography-h4"
        >
          Ya-Ta!
        </h4>
        <button
          class="MuiButtonBase-root MuiButton-root makeStyles-root-38 makeStyles-root-41 MuiButton-text makeStyles-text-40 makeStyles-text-43 MuiButton-text makeStyles-text-40 makeStyles-text-43"
          tabindex="0"
          type="button"
        >
          <span
            class="MuiButton-label"
          >
            Log In
          </span>
          <span
            class="MuiTouchRipple-root"
          />
        </button>
      </div>
    </div>
    <div
      class="sc-bwzfXH uTxCW requestCallBlock"
    >
      <div
        class="title"
      >
        <h2
          class="MuiTypography-root MuiTypography-h2"
          title="Request Call!"
        >
          Request Call!
        </h2>
      </div>
      <div
        class="button"
      >
        <button
          class="MuiButtonBase-root MuiButton-root makeStyles-root-38 makeStyles-root-75 MuiButton-contained makeStyles-contained-39 makeStyles-contained-76 MuiButton-contained makeStyles-contained-39 makeStyles-contained-76"
          tabindex="0"
          type="button"
        >
          <span
            class="MuiButton-label"
          >
            Accept the Request!
          </span>
          <span
            class="MuiTouchRipple-root"
          />
        </button>
        <div>
          <label
            class="MuiFormControlLabel-root"
            data-testid="STT Mode"
          >
            <span
              aria-disabled="false"
              class="MuiButtonBase-root MuiIconButton-root PrivateSwitchBase-root-90 MuiCheckbox-root MuiCheckbox-colorPrimary MuiIconButton-colorPrimary"
            >
              <span
                class="MuiIconButton-label"
              >
                <input
                  class="PrivateSwitchBase-input-93"
                  data-indeterminate="false"
                  name="STT"
                  type="checkbox"
                  value="STT Mode"
                />
                <svg
                  aria-hidden="true"
                  class="MuiSvgIcon-root"
                  focusable="false"
                  role="presentation"
                  viewBox="0 0 24 24"
                >
                  <path
                    d="M19 5v14H5V5h14m0-2H5c-1.1 0-2 .9-2 2v14c0 1.1.9 2 2 2h14c1.1 0 2-.9 2-2V5c0-1.1-.9-2-2-2z"
                  />
                </svg>
              </span>
              <span
                class="MuiTouchRipple-root"
              />
            </span>
            <span
              class="MuiTypography-root MuiFormControlLabel-label MuiTypography-body1"
            >
              STT Mode
            </span>
          </label>
        </div>
      </div>
    </div>
  </div>
</div>
`;
