// Jest Snapshot v1, https://goo.gl/fbAQLP

exports[`<LoginPage /> SHOULD match with snapshot 1`] = `
<div>
  <div
    class="sc-bdVaJa bPGLpq"
  >
    <div
      class="makeStyles-root-1"
    >
      <div
        class="MuiToolbar-root MuiToolbar-regular MuiToolbar-gutters"
      >
        <h4
          class="MuiTypography-root makeStyles-title-3 MuiTypography-h4"
        >
          Ya-Ta!
        </h4>
        <button
          class="MuiButtonBase-root MuiButton-root makeStyles-root-38 makeStyles-root-41 MuiButton-text makeStyles-text-40 makeStyles-text-43 MuiButton-text makeStyles-text-40 makeStyles-text-43"
          tabindex="0"
          type="button"
        >
          <span
            class="MuiButton-label"
          >
            Log In
          </span>
          <span
            class="MuiTouchRipple-root"
          />
        </button>
      </div>
    </div>
    <div
      class="loginPage"
    >
      <div
        class="title"
      >
        <h2
          class="MuiTypography-root MuiTypography-h2"
          title="Login"
        >
          Login
        </h2>
      </div>
      <div
        class="inputID"
      >
        <div
          class="MuiFormControl-root MuiTextField-root MuiFormControl-marginNormal"
        >
          <label
            class="MuiFormLabel-root MuiInputLabel-root MuiInputLabel-formControl MuiInputLabel-animated MuiInputLabel-outlined"
            data-shrink="false"
          >
            ID
          </label>
          <div
            class="MuiInputBase-root MuiOutlinedInput-root MuiInputBase-formControl"
          >
            <input
              aria-invalid="false"
              class="MuiInputBase-input MuiOutlinedInput-input"
              type="text"
              value=""
            />
            <fieldset
              aria-hidden="true"
              class="PrivateNotchedOutline-root-134 MuiOutlinedInput-notchedOutline"
              style="padding-left: 8px;"
            >
              <legend
                class="PrivateNotchedOutline-legend-135"
                style="width: 0.01px;"
              >
                <span>
                  ​
                </span>
              </legend>
            </fieldset>
          </div>
        </div>
      </div>
      <div
        class="input"
      >
        <div
          class="MuiFormControl-root MuiTextField-root MuiFormControl-marginNormal"
        >
          <label
            class="MuiFormLabel-root MuiInputLabel-root MuiInputLabel-formControl MuiInputLabel-animated MuiInputLabel-outlined"
            data-shrink="false"
          >
            Password
          </label>
          <div
            class="MuiInputBase-root MuiOutlinedInput-root MuiInputBase-formControl"
          >
            <input
              aria-invalid="false"
              class="MuiInputBase-input MuiOutlinedInput-input"
              type="text"
              value=""
            />
            <fieldset
              aria-hidden="true"
              class="PrivateNotchedOutline-root-134 MuiOutlinedInput-notchedOutline"
              style="padding-left: 8px;"
            >
              <legend
                class="PrivateNotchedOutline-legend-135"
                style="width: 0.01px;"
              >
                <span>
                  ​
                </span>
              </legend>
            </fieldset>
          </div>
        </div>
      </div>
      <span
        class="loginButton"
      >
        <button
          class="MuiButtonBase-root MuiButton-root makeStyles-root-38 makeStyles-root-136 MuiButton-contained makeStyles-contained-39 makeStyles-contained-137 MuiButton-contained makeStyles-contained-39 makeStyles-contained-137"
          tabindex="0"
          type="button"
        >
          <span
            class="MuiButton-label"
          >
            Login
          </span>
          <span
            class="MuiTouchRipple-root"
          />
        </button>
      </span>
      <span>
        <button
          class="MuiButtonBase-root MuiButton-root makeStyles-root-38 makeStyles-root-139 MuiButton-contained makeStyles-contained-39 makeStyles-contained-140 MuiButton-contained makeStyles-contained-39 makeStyles-contained-140"
          tabindex="0"
          type="button"
        >
          <span
            class="MuiButton-label"
          >
            Register
          </span>
          <span
            class="MuiTouchRipple-root"
          />
        </button>
      </span>
    </div>
  </div>
</div>
`;
