// Jest Snapshot v1, https://goo.gl/fbAQLP

exports[`<RiderFinal /> SHOULD match with snapshot 1`] = `
<div>
  <div
    class="sc-bdVaJa bH"
  >
    <p
      class="MuiTypography-root MuiTypography-body1"
    >
      TotalCost is 
      100
    </p>
    <p
      class="MuiTypography-root MuiTypography-body1"
    >
      Your fee 
    </p>
    <p
      class="MuiTypography-root MuiTypography-body1"
    >
      You saved 
      NaN
    </p>
    <button
      class="MuiButtonBase-root MuiButton-root makeStyles-root-31 makeStyles-root-34 MuiButton-contained makeStyles-contained-32 makeStyles-contained-35 MuiButton-contained makeStyles-contained-32 makeStyles-contained-35"
      tabindex="0"
      type="button"
    >
      <span
        class="MuiButton-label"
      >
        Go To Main
      </span>
      <span
        class="MuiTouchRipple-root"
      />
    </button>
  </div>
</div>
`;
