// Jest Snapshot v1, https://goo.gl/fbAQLP

exports[`UserGroup /> SHOULD match with snapshot 1`] = `
<div>
  <div
    class="sc-bwzfXH uTxCW"
  >
    <main
      class="sc-bdVaJa ekJyAd"
    >
      <h2
        class="MuiTypography-root MuiTypography-h2"
        title="My Group"
      >
        My Group
      </h2>
    </main>
    <main
      class="sc-bdVaJa ekJyAd"
    >
      <h5
        class="MuiTypography-root MuiTypography-h5"
      >
        This is where Google Map will be
      </h5>
    </main>
    <main
      class="sc-bdVaJa ekJyAd"
    >
      <h5
        class="MuiTypography-root MuiTypography-h5"
      >
        Driver Info:
      </h5>
      mock info
    </main>
    <main
      class="sc-bdVaJa ekJyAd"
    >
      <h5
        class="MuiTypography-root MuiTypography-h5"
      >
        Time left until departure:
      </h5>
    </main>
    <main
      class="sc-bdVaJa ekJyAd"
    >
      <button
        class="MuiButtonBase-root MuiButton-root MuiButton-contained MuiButton-contained"
        tabindex="0"
        type="button"
      >
        <span
          class="MuiButton-label"
        >
          On Taxi
        </span>
        <span
          class="MuiTouchRipple-root"
        />
      </button>
    </main>
  </div>
</div>
`;
