// Jest Snapshot v1, https://goo.gl/fbAQLP

exports[`<RiderDetail /> SHOULD match with snapshot 1`] = `
<div>
  <div
    class="makeStyles-root-1"
  >
    <div
      class="makeStyles-whiteBox-3"
    >
      <div
        class="makeStyles-container-2"
      >
        <p
          class="MuiTypography-root MuiTypography-body1"
        >
          From: 
          from
        </p>
      </div>
      <div
        class="makeStyles-container-2"
      >
        <p
          class="MuiTypography-root MuiTypography-body1"
        >
          To: 
          to
        </p>
      </div>
    </div>
  </div>
</div>
`;
