// Jest Snapshot v1, https://goo.gl/fbAQLP

exports[`<RequestPage /> SHOULD match with snapshot 1`] = `
<div>
  <div
    class="sc-bdVaJa bPGLpq"
  >
    <div
      class="makeStyles-root-1"
    >
      <div
        class="MuiToolbar-root MuiToolbar-regular MuiToolbar-gutters"
      >
        <h4
          class="MuiTypography-root makeStyles-title-3 MuiTypography-h4"
        >
          Ya-Ta!
        </h4>
        <button
          class="MuiButtonBase-root MuiButton-root makeStyles-root-38 makeStyles-root-41 MuiButton-text makeStyles-text-40 makeStyles-text-43 MuiButton-text makeStyles-text-40 makeStyles-text-43"
          tabindex="0"
          type="button"
        >
          <span
            class="MuiButton-label"
          >
            Log In
          </span>
          <span
            class="MuiTouchRipple-root"
          />
        </button>
      </div>
    </div>
    <div
      class="sc-bwzfXH uTxCW requestBlock"
    >
      <div
        class="title"
      >
        <h2
          class="MuiTypography-root MuiTypography-h2"
          title="Carpool Request!"
        >
          Carpool Request!
        </h2>
      </div>
      <div
        class="from"
        data-testid="from"
      >
        <h2>
          From
        </h2>
        <div>
          <label
            class="MuiFormControlLabel-root"
            data-testid="SNU station"
          >
            <span
              aria-disabled="false"
              class="MuiButtonBase-root MuiIconButton-root PrivateSwitchBase-root-87 MuiCheckbox-root MuiCheckbox-colorPrimary MuiIconButton-colorPrimary"
            >
              <span
                class="MuiIconButton-label"
              >
                <input
                  class="PrivateSwitchBase-input-90"
                  data-indeterminate="false"
                  name="from"
                  type="checkbox"
                  value="SNU station"
                />
                <svg
                  aria-hidden="true"
                  class="MuiSvgIcon-root"
                  focusable="false"
                  role="presentation"
                  viewBox="0 0 24 24"
                >
                  <path
                    d="M19 5v14H5V5h14m0-2H5c-1.1 0-2 .9-2 2v14c0 1.1.9 2 2 2h14c1.1 0 2-.9 2-2V5c0-1.1-.9-2-2-2z"
                  />
                </svg>
              </span>
              <span
                class="MuiTouchRipple-root"
              />
            </span>
            <span
              class="MuiTypography-root MuiFormControlLabel-label MuiTypography-body1"
            >
              SNU station
            </span>
          </label>
        </div>
        <div>
          <label
            class="MuiFormControlLabel-root"
            data-testid="Nakseongdae station"
          >
            <span
              aria-disabled="false"
              class="MuiButtonBase-root MuiIconButton-root PrivateSwitchBase-root-87 MuiCheckbox-root MuiCheckbox-colorPrimary MuiIconButton-colorPrimary"
            >
              <span
                class="MuiIconButton-label"
              >
                <input
                  class="PrivateSwitchBase-input-90"
                  data-indeterminate="false"
                  name="from"
                  type="checkbox"
                  value="Nakseongdae station"
                />
                <svg
                  aria-hidden="true"
                  class="MuiSvgIcon-root"
                  focusable="false"
                  role="presentation"
                  viewBox="0 0 24 24"
                >
                  <path
                    d="M19 5v14H5V5h14m0-2H5c-1.1 0-2 .9-2 2v14c0 1.1.9 2 2 2h14c1.1 0 2-.9 2-2V5c0-1.1-.9-2-2-2z"
                  />
                </svg>
              </span>
              <span
                class="MuiTouchRipple-root"
              />
            </span>
            <span
              class="MuiTypography-root MuiFormControlLabel-label MuiTypography-body1"
            >
              Nakseongdae station
            </span>
          </label>
        </div>
        <div>
          <label
            class="MuiFormControlLabel-root"
            data-testid="Nokdu Street"
          >
            <span
              aria-disabled="false"
              class="MuiButtonBase-root MuiIconButton-root PrivateSwitchBase-root-87 MuiCheckbox-root MuiCheckbox-colorPrimary MuiIconButton-colorPrimary"
            >
              <span
                class="MuiIconButton-label"
              >
                <input
                  class="PrivateSwitchBase-input-90"
                  data-indeterminate="false"
                  name="from"
                  type="checkbox"
                  value="Nokdu Street"
                />
                <svg
                  aria-hidden="true"
                  class="MuiSvgIcon-root"
                  focusable="false"
                  role="presentation"
                  viewBox="0 0 24 24"
                >
                  <path
                    d="M19 5v14H5V5h14m0-2H5c-1.1 0-2 .9-2 2v14c0 1.1.9 2 2 2h14c1.1 0 2-.9 2-2V5c0-1.1-.9-2-2-2z"
                  />
                </svg>
              </span>
              <span
                class="MuiTouchRipple-root"
              />
            </span>
            <span
              class="MuiTypography-root MuiFormControlLabel-label MuiTypography-body1"
            >
              Nokdu Street
            </span>
          </label>
        </div>
      </div>
      <div
        class="to"
        data-testid="to"
      >
        <h2>
          To
        </h2>
        <div>
          <label
            class="MuiFormControlLabel-root"
            data-testid="301 building"
          >
            <span
              aria-disabled="false"
              class="MuiButtonBase-root MuiIconButton-root PrivateSwitchBase-root-87 MuiCheckbox-root MuiCheckbox-colorPrimary MuiIconButton-colorPrimary"
            >
              <span
                class="MuiIconButton-label"
              >
                <input
                  class="PrivateSwitchBase-input-90"
                  data-indeterminate="false"
                  name="to"
                  type="checkbox"
                  value="301 building"
                />
                <svg
                  aria-hidden="true"
                  class="MuiSvgIcon-root"
                  focusable="false"
                  role="presentation"
                  viewBox="0 0 24 24"
                >
                  <path
                    d="M19 5v14H5V5h14m0-2H5c-1.1 0-2 .9-2 2v14c0 1.1.9 2 2 2h14c1.1 0 2-.9 2-2V5c0-1.1-.9-2-2-2z"
                  />
                </svg>
              </span>
              <span
                class="MuiTouchRipple-root"
              />
            </span>
            <span
              class="MuiTypography-root MuiFormControlLabel-label MuiTypography-body1"
            >
              301 building
            </span>
          </label>
        </div>
        <div>
          <label
            class="MuiFormControlLabel-root"
            data-testid="Student Center"
          >
            <span
              aria-disabled="false"
              class="MuiButtonBase-root MuiIconButton-root PrivateSwitchBase-root-87 MuiCheckbox-root MuiCheckbox-colorPrimary MuiIconButton-colorPrimary"
            >
              <span
                class="MuiIconButton-label"
              >
                <input
                  class="PrivateSwitchBase-input-90"
                  data-indeterminate="false"
                  name="to"
                  type="checkbox"
                  value="Student Center"
                />
                <svg
                  aria-hidden="true"
                  class="MuiSvgIcon-root"
                  focusable="false"
                  role="presentation"
                  viewBox="0 0 24 24"
                >
                  <path
                    d="M19 5v14H5V5h14m0-2H5c-1.1 0-2 .9-2 2v14c0 1.1.9 2 2 2h14c1.1 0 2-.9 2-2V5c0-1.1-.9-2-2-2z"
                  />
                </svg>
              </span>
              <span
                class="MuiTouchRipple-root"
              />
            </span>
            <span
              class="MuiTypography-root MuiFormControlLabel-label MuiTypography-body1"
            >
              Student Center
            </span>
          </label>
        </div>
        <div>
          <label
            class="MuiFormControlLabel-root"
            data-testid="Dormitory three-way"
          >
            <span
              aria-disabled="false"
              class="MuiButtonBase-root MuiIconButton-root PrivateSwitchBase-root-87 MuiCheckbox-root MuiCheckbox-colorPrimary MuiIconButton-colorPrimary"
            >
              <span
                class="MuiIconButton-label"
              >
                <input
                  class="PrivateSwitchBase-input-90"
                  data-indeterminate="false"
                  name="to"
                  type="checkbox"
                  value="Dormitory three-way"
                />
                <svg
                  aria-hidden="true"
                  class="MuiSvgIcon-root"
                  focusable="false"
                  role="presentation"
                  viewBox="0 0 24 24"
                >
                  <path
                    d="M19 5v14H5V5h14m0-2H5c-1.1 0-2 .9-2 2v14c0 1.1.9 2 2 2h14c1.1 0 2-.9 2-2V5c0-1.1-.9-2-2-2z"
                  />
                </svg>
              </span>
              <span
                class="MuiTouchRipple-root"
              />
            </span>
            <span
              class="MuiTypography-root MuiFormControlLabel-label MuiTypography-body1"
            >
              Dormitory three-way
            </span>
          </label>
        </div>
      </div>
      <div
        class="minimumPassenger"
        data-testid="minimumPassenger"
      >
        <h2>
          Minimum Passenger
        </h2>
        <div>
          <label
            class="MuiFormControlLabel-root"
            data-testid="2"
          >
            <span
              aria-disabled="false"
              class="MuiButtonBase-root MuiIconButton-root PrivateSwitchBase-root-87 MuiCheckbox-root MuiCheckbox-colorPrimary MuiIconButton-colorPrimary"
            >
              <span
                class="MuiIconButton-label"
              >
                <input
                  class="PrivateSwitchBase-input-90"
                  data-indeterminate="false"
                  name="minimumPassenger"
                  type="checkbox"
                  value="2"
                />
                <svg
                  aria-hidden="true"
                  class="MuiSvgIcon-root"
                  focusable="false"
                  role="presentation"
                  viewBox="0 0 24 24"
                >
                  <path
                    d="M19 5v14H5V5h14m0-2H5c-1.1 0-2 .9-2 2v14c0 1.1.9 2 2 2h14c1.1 0 2-.9 2-2V5c0-1.1-.9-2-2-2z"
                  />
                </svg>
              </span>
              <span
                class="MuiTouchRipple-root"
              />
            </span>
            <span
              class="MuiTypography-root MuiFormControlLabel-label MuiTypography-body1"
            >
              2
            </span>
          </label>
        </div>
        <div>
          <label
            class="MuiFormControlLabel-root"
            data-testid="3"
          >
            <span
              aria-disabled="false"
              class="MuiButtonBase-root MuiIconButton-root PrivateSwitchBase-root-87 MuiCheckbox-root MuiCheckbox-colorPrimary MuiIconButton-colorPrimary"
            >
              <span
                class="MuiIconButton-label"
              >
                <input
                  class="PrivateSwitchBase-input-90"
                  data-indeterminate="false"
                  name="minimumPassenger"
                  type="checkbox"
                  value="3"
                />
                <svg
                  aria-hidden="true"
                  class="MuiSvgIcon-root"
                  focusable="false"
                  role="presentation"
                  viewBox="0 0 24 24"
                >
                  <path
                    d="M19 5v14H5V5h14m0-2H5c-1.1 0-2 .9-2 2v14c0 1.1.9 2 2 2h14c1.1 0 2-.9 2-2V5c0-1.1-.9-2-2-2z"
                  />
                </svg>
              </span>
              <span
                class="MuiTouchRipple-root"
              />
            </span>
            <span
              class="MuiTypography-root MuiFormControlLabel-label MuiTypography-body1"
            >
              3
            </span>
          </label>
        </div>
        <div>
          <label
            class="MuiFormControlLabel-root"
            data-testid="4"
          >
            <span
              aria-disabled="false"
              class="MuiButtonBase-root MuiIconButton-root PrivateSwitchBase-root-87 MuiCheckbox-root MuiCheckbox-colorPrimary MuiIconButton-colorPrimary"
            >
              <span
                class="MuiIconButton-label"
              >
                <input
                  class="PrivateSwitchBase-input-90"
                  data-indeterminate="false"
                  name="minimumPassenger"
                  type="checkbox"
                  value="4"
                />
                <svg
                  aria-hidden="true"
                  class="MuiSvgIcon-root"
                  focusable="false"
                  role="presentation"
                  viewBox="0 0 24 24"
                >
                  <path
                    d="M19 5v14H5V5h14m0-2H5c-1.1 0-2 .9-2 2v14c0 1.1.9 2 2 2h14c1.1 0 2-.9 2-2V5c0-1.1-.9-2-2-2z"
                  />
                </svg>
              </span>
              <span
                class="MuiTouchRipple-root"
              />
            </span>
            <span
              class="MuiTypography-root MuiFormControlLabel-label MuiTypography-body1"
            >
              4
            </span>
          </label>
        </div>
      </div>
      <div
        class="button"
      >
        <button
          class="MuiButtonBase-root MuiButton-root makeStyles-root-38 makeStyles-root-109 MuiButton-contained makeStyles-contained-39 makeStyles-contained-110 MuiButton-contained makeStyles-contained-39 makeStyles-contained-110"
          tabindex="0"
          type="button"
        >
          <span
            class="MuiButton-label"
          >
            Carpool Request
          </span>
          <span
            class="MuiTouchRipple-root"
          />
        </button>
      </div>
    </div>
  </div>
</div>
`;
