// Jest Snapshot v1, https://goo.gl/fbAQLP

exports[`<RequestPage /> SHOULD match with snapshot 1`] = `
<div>
  <div
    class="sc-bwzfXH kulSxP"
  >
    <div
      class="makeStyles-root-1"
    >
      <header
        class="MuiPaper-root MuiPaper-elevation4 MuiAppBar-root MuiAppBar-positionStatic MuiAppBar-colorPrimary"
      >
        <div
          class="MuiToolbar-root MuiToolbar-regular MuiToolbar-gutters"
        >
          <h6
            class="MuiTypography-root makeStyles-title-3 MuiTypography-h6"
          >
            Ya-Ta!
          </h6>
        </div>
      </header>
    </div>
    <main
      class="sc-bdVaJa ekJyAd"
    >
      <div
        class="sc-htpNat KtFsv"
      >
        <div
          data-testid="from"
        >
          <h2>
            From
          </h2>
          <div
            class="checkbox"
          >
            <input
              data-testid="SNU station"
              name="From"
              type="checkbox"
              value="SNU station"
            />
            <label>
              SNU station
            </label>
          </div>
          <div
            class="checkbox"
          >
            <input
              data-testid="Nakseongdae station"
              name="From"
              type="checkbox"
              value="Nakseongdae station"
            />
            <label>
              Nakseongdae station
            </label>
          </div>
          <div
            class="checkbox"
          >
            <input
              data-testid="Nokdu Street"
              name="From"
              type="checkbox"
              value="Nokdu Street"
            />
            <label>
              Nokdu Street
            </label>
          </div>
        </div>
        <div
          data-testid="to"
        >
          <h2>
            To
          </h2>
          <div
            class="checkbox"
          >
            <input
              data-testid="301 building"
              name="To"
              type="checkbox"
              value="301 building"
            />
            <label>
              301 building
            </label>
          </div>
          <div
            class="checkbox"
          >
            <input
              data-testid="Student Center"
              name="To"
              type="checkbox"
              value="Student Center"
            />
            <label>
              Student Center
            </label>
          </div>
          <div
            class="checkbox"
          >
            <input
              data-testid="Dormitory three-way"
              name="To"
              type="checkbox"
              value="Dormitory three-way"
            />
            <label>
              Dormitory three-way
            </label>
          </div>
        </div>
        <div
          data-testid="minimumPassenger"
        >
          <h2>
            Minimum Passenger
          </h2>
          <div
            class="checkbox"
          >
            <input
              data-testid="2"
              name="minimumPassenger"
              type="checkbox"
              value="2"
            />
            <label>
              2
            </label>
          </div>
          <div
            class="checkbox"
          >
            <input
              data-testid="3"
              name="minimumPassenger"
              type="checkbox"
              value="3"
            />
            <label>
              3
            </label>
          </div>
          <div
            class="checkbox"
          >
            <input
              data-testid="4"
              name="minimumPassenger"
              type="checkbox"
              value="4"
            />
            <label>
              4
            </label>
          </div>
        </div>
        <button
          class="MuiButtonBase-root MuiButton-root MuiButton-text MuiButton-text"
          tabindex="0"
          type="button"
        >
          <span
            class="MuiButton-label"
          >
            Carpool Request
          </span>
          <span
            class="MuiTouchRipple-root"
          />
        </button>
      </div>
    </main>
  </div>
</div>
`;
