// Jest Snapshot v1, https://goo.gl/fbAQLP

exports[`<RegisterForm /> SHOULD match with snapshot 1`] = `
<div>
  <div
    class="makeStyles-root-1"
  >
    <div
      class="makeStyles-whiteBox-3"
    >
      <div
        class="makeStyles-container-2"
      >
        <h4
          class="MuiTypography-root MuiTypography-h4"
        >
          Join Ya-Ta!
        </h4>
      </div>
      <div
        class="makeStyles-container-2"
      >
        <h3
          class="MuiTypography-root MuiTypography-h3"
        >
          Create Your Account
        </h3>
      </div>
      <div
        class="makeStyles-container-2"
      >
        <h4
          class="MuiTypography-root MuiTypography-h4"
        >
          What are you?
        </h4>
      </div>
      <div
        class="makeStyles-container-2"
      >
        <div
          class="makeStyles-button-4"
        >
          I am a Rider
        </div>
        <div
          class="makeStyles-button-4"
        >
          I am a Driver
        </div>
      </div>
      <div
        class="makeStyles-container-2"
      >
        <div
          class="makeStyles-whiteBox-36"
        >
          <div
            class="makeStyles-container-35"
          >
            <h4
              class="MuiTypography-root MuiTypography-h4"
            >
              Rider Info
            </h4>
            <h5
              class="MuiTypography-root MuiTypography-h5"
            >
              Email
            </h5>
            <input
              id="email-input"
              name="email"
              type="text"
              value="email"
            />
            <h5
              class="MuiTypography-root MuiTypography-h5"
            >
              Password
            </h5>
            <input
              id="password-input"
              name="password"
              type="password"
              value="password"
            />
            <h5
              class="MuiTypography-root MuiTypography-h5"
            >
              Password Confirm
            </h5>
            <input
              id="password-confirmation-input"
              name="passwordConfirmation"
              type="password"
              value="password"
            />
            <div
              class="makeStyles-button-37"
              fullwidth="false"
              variant="contained"
            >
              Confirm
            </div>
          </div>
        </div>
      </div>
    </div>
  </div>
</div>
`;
