// Jest Snapshot v1, https://goo.gl/fbAQLP

exports[`<SignUpForm /> SHOULD match with snapshot 1`] = `
<div>
  <div
    class="sc-htpNat KtFsv"
  >
    <h3
      class="MuiTypography-root MuiTypography-h3"
    >
      Join Ya-Ta!
    </h3>
    <h1
      class="MuiTypography-root MuiTypography-h1"
    >
      Create Your Account
    </h1>
    <button
      class="MuiButtonBase-root MuiButton-root makeStyles-root-31 makeStyles-root-34 MuiButton-contained makeStyles-contained-32 makeStyles-contained-35 MuiButton-contained makeStyles-contained-32 makeStyles-contained-35"
      tabindex="0"
      type="button"
    >
      <span
        class="MuiButton-label"
      >
        I am a Rider
      </span>
      <span
        class="MuiTouchRipple-root"
      />
    </button>
    <button
      class="MuiButtonBase-root MuiButton-root makeStyles-root-31 makeStyles-root-68 MuiButton-contained makeStyles-contained-32 makeStyles-contained-69 MuiButton-contained makeStyles-contained-32 makeStyles-contained-69"
      tabindex="0"
      type="button"
    >
      <span
        class="MuiButton-label"
      >
        I am a Driver
      </span>
      <span
        class="MuiTouchRipple-root"
      />
    </button>
    <div
      class="sc-bdVaJa bDWFJH"
    >
      <div
        class="MuiBox-root MuiBox-root-72"
      >
        <h4
          class="MuiTypography-root MuiTypography-h4"
        >
          Email
        </h4>
        <input
          id="email-input"
          name="email"
          type="text"
          value="email"
        />
        <h4
          class="MuiTypography-root MuiTypography-h4"
        >
          Password
        </h4>
        <input
          id="password-input"
          name="password"
          type="password"
          value="password"
        />
        <h4
          class="MuiTypography-root MuiTypography-h4"
        >
          Password Confirm
        </h4>
        <input
          id="password-confirmation-input"
          name="passwordConfirmation"
          type="password"
          value=""
        />
        <div
          class="MuiBox-root MuiBox-root-73"
        >
          <button
            class="MuiButtonBase-root MuiButton-root makeStyles-root-31 makeStyles-root-74 MuiButton-contained makeStyles-contained-32 makeStyles-contained-75 MuiButton-contained makeStyles-contained-32 makeStyles-contained-75"
            tabindex="0"
            type="button"
          >
            <span
              class="MuiButton-label"
            >
              Confirm
            </span>
            <span
              class="MuiTouchRipple-root"
            />
          </button>
        </div>
      </div>
    </div>
  </div>
</div>
`;
