// Jest Snapshot v1, https://goo.gl/fbAQLP

exports[`<AuthForm /> SHOULD match with snapshot 1`] = `
<div>
  <div
    class="sc-bdVaJa bDWFJH"
  >
    <input
      id="email-input"
      name="username"
      type="text"
      value="yata"
    />
    <input
      id="pw-input"
      name="password"
      type="password"
      value="yata"
    />
    <button
      id="login-button"
    >
      login
    </button>
  </div>
</div>
`;
