// Jest Snapshot v1, https://goo.gl/fbAQLP

exports[`<Main /> SHOULD match with snapshot 1`] = `
<div>
  <div
    class="sc-bdVaJa bPGLpq"
  >
    <div
      class="makeStyles-root-1"
    >
      <div
        class="MuiToolbar-root MuiToolbar-regular MuiToolbar-gutters"
      >
        <h4
          class="MuiTypography-root makeStyles-title-3 MuiTypography-h4"
        >
          Ya-Ta!
        </h4>
        <div
          class="makeStyles-button-4"
        >
          LOGIN
        </div>
      </div>
    </div>
  </div>
</div>
`;
